[    0.000000] microcode: microcode updated early to revision 0xde, date = 2020-05-27
[    0.000000] Linux version 4.15.0-140-generic (buildd@lgw01-amd64-054) (gcc version 7.5.0 (Ubuntu 7.5.0-3ubuntu1~18.04)) #144-Ubuntu SMP Fri Mar 19 14:12:35 UTC 2021 (Ubuntu 4.15.0-140.144-generic 4.15.18)
[    0.000000] Command line: BOOT_IMAGE=/boot/vmlinuz-4.15.0-140-generic root=UUID=fb355e0d-ae2f-4e62-9fd0-63866fe14c99 ro quiet splash vt.handoff=1
[    0.000000] KERNEL supported cpus:
[    0.000000]   Intel GenuineIntel
[    0.000000]   AMD AuthenticAMD
[    0.000000]   Centaur CentaurHauls
[    0.000000] x86/fpu: Supporting XSAVE feature 0x001: 'x87 floating point registers'
[    0.000000] x86/fpu: Supporting XSAVE feature 0x002: 'SSE registers'
[    0.000000] x86/fpu: Supporting XSAVE feature 0x004: 'AVX registers'
[    0.000000] x86/fpu: Supporting XSAVE feature 0x008: 'MPX bounds registers'
[    0.000000] x86/fpu: Supporting XSAVE feature 0x010: 'MPX CSR'
[    0.000000] x86/fpu: xstate_offset[2]:  576, xstate_sizes[2]:  256
[    0.000000] x86/fpu: xstate_offset[3]:  832, xstate_sizes[3]:   64
[    0.000000] x86/fpu: xstate_offset[4]:  896, xstate_sizes[4]:   64
[    0.000000] x86/fpu: Enabled xstate features 0x1f, context size is 960 bytes, using 'compacted' format.
[    0.000000] e820: BIOS-provided physical RAM map:
[    0.000000] BIOS-e820: [mem 0x0000000000000000-0x0000000000057fff] usable
[    0.000000] BIOS-e820: [mem 0x0000000000058000-0x0000000000058fff] reserved
[    0.000000] BIOS-e820: [mem 0x0000000000059000-0x000000000009dfff] usable
[    0.000000] BIOS-e820: [mem 0x000000000009e000-0x00000000000fffff] reserved
[    0.000000] BIOS-e820: [mem 0x0000000000100000-0x00000000741ebfff] usable
[    0.000000] BIOS-e820: [mem 0x00000000741ec000-0x00000000741ecfff] ACPI NVS
[    0.000000] BIOS-e820: [mem 0x00000000741ed000-0x00000000741edfff] reserved
[    0.000000] BIOS-e820: [mem 0x00000000741ee000-0x000000008bd4dfff] usable
[    0.000000] BIOS-e820: [mem 0x000000008bd4e000-0x000000008c88dfff] reserved
[    0.000000] BIOS-e820: [mem 0x000000008c88e000-0x000000008cf7dfff] ACPI NVS
[    0.000000] BIOS-e820: [mem 0x000000008cf7e000-0x000000008cffdfff] ACPI data
[    0.000000] BIOS-e820: [mem 0x000000008cffe000-0x000000008cffefff] usable
[    0.000000] BIOS-e820: [mem 0x000000008cfff000-0x000000008fffffff] reserved
[    0.000000] BIOS-e820: [mem 0x00000000e0000000-0x00000000efffffff] reserved
[    0.000000] BIOS-e820: [mem 0x00000000fd000000-0x00000000fe7fffff] reserved
[    0.000000] BIOS-e820: [mem 0x00000000fec00000-0x00000000fec00fff] reserved
[    0.000000] BIOS-e820: [mem 0x00000000fed00000-0x00000000fed00fff] reserved
[    0.000000] BIOS-e820: [mem 0x00000000fed10000-0x00000000fed19fff] reserved
[    0.000000] BIOS-e820: [mem 0x00000000fed84000-0x00000000fed84fff] reserved
[    0.000000] BIOS-e820: [mem 0x00000000fee00000-0x00000000fee00fff] reserved
[    0.000000] BIOS-e820: [mem 0x00000000ffa00000-0x00000000ffffffff] reserved
[    0.000000] BIOS-e820: [mem 0x0000000100000000-0x000000026effffff] usable
[    0.000000] NX (Execute Disable) protection: active
[    0.000000] e820: update [mem 0x73d7e018-0x73d8e057] usable ==> usable
[    0.000000] e820: update [mem 0x73d7e018-0x73d8e057] usable ==> usable
[    0.000000] extended physical RAM map:
[    0.000000] reserve setup_data: [mem 0x0000000000000000-0x0000000000057fff] usable
[    0.000000] reserve setup_data: [mem 0x0000000000058000-0x0000000000058fff] reserved
[    0.000000] reserve setup_data: [mem 0x0000000000059000-0x000000000009dfff] usable
[    0.000000] reserve setup_data: [mem 0x000000000009e000-0x00000000000fffff] reserved
[    0.000000] reserve setup_data: [mem 0x0000000000100000-0x0000000073d7e017] usable
[    0.000000] reserve setup_data: [mem 0x0000000073d7e018-0x0000000073d8e057] usable
[    0.000000] reserve setup_data: [mem 0x0000000073d8e058-0x00000000741ebfff] usable
[    0.000000] reserve setup_data: [mem 0x00000000741ec000-0x00000000741ecfff] ACPI NVS
[    0.000000] reserve setup_data: [mem 0x00000000741ed000-0x00000000741edfff] reserved
[    0.000000] reserve setup_data: [mem 0x00000000741ee000-0x000000008bd4dfff] usable
[    0.000000] reserve setup_data: [mem 0x000000008bd4e000-0x000000008c88dfff] reserved
[    0.000000] reserve setup_data: [mem 0x000000008c88e000-0x000000008cf7dfff] ACPI NVS
[    0.000000] reserve setup_data: [mem 0x000000008cf7e000-0x000000008cffdfff] ACPI data
[    0.000000] reserve setup_data: [mem 0x000000008cffe000-0x000000008cffefff] usable
[    0.000000] reserve setup_data: [mem 0x000000008cfff000-0x000000008fffffff] reserved
[    0.000000] reserve setup_data: [mem 0x00000000e0000000-0x00000000efffffff] reserved
[    0.000000] reserve setup_data: [mem 0x00000000fd000000-0x00000000fe7fffff] reserved
[    0.000000] reserve setup_data: [mem 0x00000000fec00000-0x00000000fec00fff] reserved
[    0.000000] reserve setup_data: [mem 0x00000000fed00000-0x00000000fed00fff] reserved
[    0.000000] reserve setup_data: [mem 0x00000000fed10000-0x00000000fed19fff] reserved
[    0.000000] reserve setup_data: [mem 0x00000000fed84000-0x00000000fed84fff] reserved
[    0.000000] reserve setup_data: [mem 0x00000000fee00000-0x00000000fee00fff] reserved
[    0.000000] reserve setup_data: [mem 0x00000000ffa00000-0x00000000ffffffff] reserved
[    0.000000] reserve setup_data: [mem 0x0000000100000000-0x000000026effffff] usable
[    0.000000] efi: EFI v2.50 by INSYDE Corp.
[    0.000000] efi:  ACPI 2.0=0x8cffd014  SMBIOS=0x8c0d8000  SMBIOS 3.0=0x8c0d6000  ESRT=0x8c0d3298  MEMATTR=0x7caba018 
[    0.000000] secureboot: Secure boot disabled
[    0.000000] SMBIOS 3.0.0 present.
[    0.000000] DMI: HP HP 250 G6 Notebook PC/832A, BIOS F.52 03/04/2019
[    0.000000] e820: update [mem 0x00000000-0x00000fff] usable ==> reserved
[    0.000000] e820: remove [mem 0x000a0000-0x000fffff] usable
[    0.000000] e820: last_pfn = 0x26f000 max_arch_pfn = 0x400000000
[    0.000000] MTRR default type: write-back
[    0.000000] MTRR fixed ranges enabled:
[    0.000000]   00000-9FFFF write-back
[    0.000000]   A0000-BFFFF uncachable
[    0.000000]   C0000-FFFFF write-protect
[    0.000000] MTRR variable ranges enabled:
[    0.000000]   0 base 00C0000000 mask 7FC0000000 uncachable
[    0.000000]   1 base 00A0000000 mask 7FE0000000 uncachable
[    0.000000]   2 base 0090000000 mask 7FF0000000 uncachable
[    0.000000]   3 base 008E000000 mask 7FFE000000 uncachable
[    0.000000]   4 base 008D800000 mask 7FFF800000 uncachable
[    0.000000]   5 disabled
[    0.000000]   6 disabled
[    0.000000]   7 disabled
[    0.000000]   8 disabled
[    0.000000]   9 disabled
[    0.000000] x86/PAT: Configuration [0-7]: WB  WC  UC- UC  WB  WP  UC- WT  
[    0.000000] e820: last_pfn = 0x8cfff max_arch_pfn = 0x400000000
[    0.000000] esrt: Reserving ESRT space from 0x000000008c0d3298 to 0x000000008c0d32d0.
[    0.000000] Scanning 1 areas for low memory corruption
[    0.000000] Using GB pages for direct mapping
[    0.000000] RAMDISK: [mem 0x3d9d9000-0x3fffdfff]
[    0.000000] ACPI: Early table checksum verification disabled
[    0.000000] ACPI: RSDP 0x000000008CFFD014 000024 (v02 HPQOEM)
[    0.000000] ACPI: XSDT 0x000000008CFAB188 00013C (v01 HPQOEM SLIC-MPC 00000000 HP   01000013)
[    0.000000] ACPI: FACP 0x000000008CFDB000 00010C (v05 HPQOEM SLIC-MPC 00000000 HP   00040000)
[    0.000000] ACPI: DSDT 0x000000008CFAE000 029DAB (v02 HPQOEM SLIC-MPC 00000000 ACPI 00040000)
[    0.000000] ACPI: FACS 0x000000008CF59000 000040
[    0.000000] ACPI: UEFI 0x000000008CFFC000 000236 (v01 HPQOEM INSYDE   00000001 HP   00040000)
[    0.000000] ACPI: UEFI 0x000000008CFFB000 000042 (v01 HPQOEM INSYDE   00000002 HP   00040000)
[    0.000000] ACPI: IHIS 0x000000008CFFA000 000038 (v01 HPQOEM INSYDE   00000001 HP   00040000)
[    0.000000] ACPI: SSDT 0x000000008CFF2000 007796 (v01 HPQOEM INSYDE   00001000 ACPI 00040000)
[    0.000000] ACPI: MSDM 0x000000008CFF1000 000055 (v03 HPQOEM SLIC-MPC 00000001 HP   00040000)
[    0.000000] ACPI: SSDT 0x000000008CFF0000 0004C3 (v02 HPQOEM INSYDE   00001000 ACPI 00040000)
[    0.000000] ACPI: SSDT 0x000000008CFEF000 000046 (v02 HPQOEM INSYDE   00003000 ACPI 00040000)
[    0.000000] ACPI: TPM2 0x000000008CFEE000 000034 (v03 HPQOEM INSYDE   00000000 HP   00040000)
[    0.000000] ACPI: SSDT 0x000000008CFEA000 0038FA (v02 HPQOEM INSYDE   00003000 ACPI 00040000)
[    0.000000] ACPI: SSDT 0x000000008CFE0000 0097AC (v02 HPQOEM INSYDE   00001000 ACPI 00040000)
[    0.000000] ACPI: ASF! 0x000000008CFDF000 0000A5 (v32 HPQOEM INSYDE   00000001 HP   00040000)
[    0.000000] ACPI: ASPT 0x000000008CFDE000 000034 (v07 HPQOEM INSYDE   00000001 HP   00040000)
[    0.000000] ACPI: BOOT 0x000000008CFDD000 000028 (v01 HPQOEM INSYDE   00000001 HP   00040000)
[    0.000000] ACPI: DBGP 0x000000008CFDC000 000034 (v01 HPQOEM SLIC-MPC 00000001 HP   00040000)
[    0.000000] ACPI: HPET 0x000000008CFDA000 000038 (v01 HPQOEM INSYDE   00000001 HP   00040000)
[    0.000000] ACPI: APIC 0x000000008CFD9000 00012C (v03 HPQOEM SLIC-MPC 00000001 HP   00040000)
[    0.000000] ACPI: MCFG 0x000000008CFD8000 00003C (v01 HPQOEM INSYDE   00000001 HP   00040000)
[    0.000000] ACPI: SSDT 0x000000008CFAD000 00050D (v02 HPQOEM INSYDE   00000000 ACPI 00040000)
[    0.000000] ACPI: SSDT 0x000000008CFAC000 00020E (v01 HPQOEM INSYDE   00001000 ACPI 00040000)
[    0.000000] ACPI: SSDT 0x000000008CFA9000 0011E1 (v02 HPQOEM INSYDE   00001000 ACPI 00040000)
[    0.000000] ACPI: SSDT 0x000000008CFA8000 00018E (v02 HPQOEM INSYDE   00001000 ACPI 00040000)
[    0.000000] ACPI: LPIT 0x000000008CFA7000 000094 (v01 HPQOEM INSYDE   00000000 HP   00040000)
[    0.000000] ACPI: WSMT 0x000000008CFA6000 000028 (v01 HPQOEM INSYDE   00000000 HP   00040000)
[    0.000000] ACPI: SSDT 0x000000008CFA5000 00029F (v02 HPQOEM INSYDE   00000000 ACPI 00040000)
[    0.000000] ACPI: SSDT 0x000000008CFA4000 000346 (v01 HPQOEM INSYDE   00000000 ACPI 00040000)
[    0.000000] ACPI: SSDT 0x000000008CFA0000 003002 (v02 HPQOEM INSYDE   00001000 ACPI 00040000)
[    0.000000] ACPI: SSDT 0x000000008CF9F000 00051E (v02 HPQOEM INSYDE   00001000 ACPI 00040000)
[    0.000000] ACPI: DBGP 0x000000008CF9E000 000034 (v01 HPQOEM SLIC-MPC 00000002 HP   00040000)
[    0.000000] ACPI: DBG2 0x000000008CF9D000 000054 (v00 HPQOEM INSYDE   00000002 HP   00040000)
[    0.000000] ACPI: SSDT 0x000000008CF9B000 0010B0 (v02 HPQOEM INSYDE   00001000 ACPI 00040000)
[    0.000000] ACPI: SSDT 0x000000008CF99000 0017AE (v02 HPQOEM INSYDE   00003000 ACPI 00040000)
[    0.000000] ACPI: DMAR 0x000000008CF98000 0000A8 (v01 HPQOEM INSYDE   00000001 HP   00040000)
[    0.000000] ACPI: FPDT 0x000000008CF97000 000044 (v01 HPQOEM SLIC-MPC 00000002 HP   00040000)
[    0.000000] ACPI: BGRT 0x000000008CF96000 000038 (v01 HPQOEM INSYDE   00000001 HP   00040000)
[    0.000000] ACPI: Local APIC address 0xfee00000
[    0.000000] No NUMA configuration found
[    0.000000] Faking a node at [mem 0x0000000000000000-0x000000026effffff]
[    0.000000] NODE_DATA(0) allocated [mem 0x26efd5000-0x26effffff]
[    0.000000] Zone ranges:
[    0.000000]   DMA      [mem 0x0000000000001000-0x0000000000ffffff]
[    0.000000]   DMA32    [mem 0x0000000001000000-0x00000000ffffffff]
[    0.000000]   Normal   [mem 0x0000000100000000-0x000000026effffff]
[    0.000000]   Device   empty
[    0.000000] Movable zone start for each node
[    0.000000] Early memory node ranges
[    0.000000]   node   0: [mem 0x0000000000001000-0x0000000000057fff]
[    0.000000]   node   0: [mem 0x0000000000059000-0x000000000009dfff]
[    0.000000]   node   0: [mem 0x0000000000100000-0x00000000741ebfff]
[    0.000000]   node   0: [mem 0x00000000741ee000-0x000000008bd4dfff]
[    0.000000]   node   0: [mem 0x000000008cffe000-0x000000008cffefff]
[    0.000000]   node   0: [mem 0x0000000100000000-0x000000026effffff]
[    0.000000] Reserved but unavailable: 98 pages
[    0.000000] Initmem setup node 0 [mem 0x0000000000001000-0x000000026effffff]
[    0.000000] On node 0 totalpages: 2075881
[    0.000000]   DMA zone: 64 pages used for memmap
[    0.000000]   DMA zone: 21 pages reserved
[    0.000000]   DMA zone: 3996 pages, LIFO batch:0
[    0.000000]   DMA32 zone: 8886 pages used for memmap
[    0.000000]   DMA32 zone: 568653 pages, LIFO batch:31
[    0.000000]   Normal zone: 23488 pages used for memmap
[    0.000000]   Normal zone: 1503232 pages, LIFO batch:31
[    0.000000] Reserving Intel graphics memory at 0x000000008e000000-0x000000008fffffff
[    0.000000] ACPI: PM-Timer IO Port: 0x1808
[    0.000000] ACPI: Local APIC address 0xfee00000
[    0.000000] ACPI: LAPIC_NMI (acpi_id[0x01] high edge lint[0x1])
[    0.000000] ACPI: LAPIC_NMI (acpi_id[0x02] high edge lint[0x1])
[    0.000000] ACPI: LAPIC_NMI (acpi_id[0x03] high edge lint[0x1])
[    0.000000] ACPI: LAPIC_NMI (acpi_id[0x04] high edge lint[0x1])
[    0.000000] ACPI: LAPIC_NMI (acpi_id[0x05] high edge lint[0x1])
[    0.000000] ACPI: LAPIC_NMI (acpi_id[0x06] high edge lint[0x1])
[    0.000000] ACPI: LAPIC_NMI (acpi_id[0x07] high edge lint[0x1])
[    0.000000] ACPI: LAPIC_NMI (acpi_id[0x08] high edge lint[0x1])
[    0.000000] ACPI: LAPIC_NMI (acpi_id[0x09] high edge lint[0x1])
[    0.000000] ACPI: LAPIC_NMI (acpi_id[0x0a] high edge lint[0x1])
[    0.000000] ACPI: LAPIC_NMI (acpi_id[0x0b] high edge lint[0x1])
[    0.000000] ACPI: LAPIC_NMI (acpi_id[0x0c] high edge lint[0x1])
[    0.000000] ACPI: LAPIC_NMI (acpi_id[0x0d] high edge lint[0x1])
[    0.000000] ACPI: LAPIC_NMI (acpi_id[0x0e] high edge lint[0x1])
[    0.000000] ACPI: LAPIC_NMI (acpi_id[0x0f] high edge lint[0x1])
[    0.000000] ACPI: LAPIC_NMI (acpi_id[0x10] high edge lint[0x1])
[    0.000000] IOAPIC[0]: apic_id 2, version 32, address 0xfec00000, GSI 0-119
[    0.000000] ACPI: INT_SRC_OVR (bus 0 bus_irq 0 global_irq 2 dfl dfl)
[    0.000000] ACPI: INT_SRC_OVR (bus 0 bus_irq 9 global_irq 9 high level)
[    0.000000] ACPI: IRQ0 used by override.
[    0.000000] ACPI: IRQ9 used by override.
[    0.000000] Using ACPI (MADT) for SMP configuration information
[    0.000000] ACPI: HPET id: 0x8086a201 base: 0xfed00000
[    0.000000] e820: update [mem 0x7c3de000-0x7c3f1fff] usable ==> reserved
[    0.000000] TSC deadline timer available
[    0.000000] smpboot: Allowing 4 CPUs, 0 hotplug CPUs
[    0.000000] PM: Registered nosave memory: [mem 0x00000000-0x00000fff]
[    0.000000] PM: Registered nosave memory: [mem 0x00058000-0x00058fff]
[    0.000000] PM: Registered nosave memory: [mem 0x0009e000-0x000fffff]
[    0.000000] PM: Registered nosave memory: [mem 0x73d7e000-0x73d7efff]
[    0.000000] PM: Registered nosave memory: [mem 0x73d8e000-0x73d8efff]
[    0.000000] PM: Registered nosave memory: [mem 0x741ec000-0x741ecfff]
[    0.000000] PM: Registered nosave memory: [mem 0x741ed000-0x741edfff]
[    0.000000] PM: Registered nosave memory: [mem 0x7c3de000-0x7c3f1fff]
[    0.000000] PM: Registered nosave memory: [mem 0x8bd4e000-0x8c88dfff]
[    0.000000] PM: Registered nosave memory: [mem 0x8c88e000-0x8cf7dfff]
[    0.000000] PM: Registered nosave memory: [mem 0x8cf7e000-0x8cffdfff]
[    0.000000] PM: Registered nosave memory: [mem 0x8cfff000-0x8fffffff]
[    0.000000] PM: Registered nosave memory: [mem 0x90000000-0xdfffffff]
[    0.000000] PM: Registered nosave memory: [mem 0xe0000000-0xefffffff]
[    0.000000] PM: Registered nosave memory: [mem 0xf0000000-0xfcffffff]
[    0.000000] PM: Registered nosave memory: [mem 0xfd000000-0xfe7fffff]
[    0.000000] PM: Registered nosave memory: [mem 0xfe800000-0xfebfffff]
[    0.000000] PM: Registered nosave memory: [mem 0xfec00000-0xfec00fff]
[    0.000000] PM: Registered nosave memory: [mem 0xfec01000-0xfecfffff]
[    0.000000] PM: Registered nosave memory: [mem 0xfed00000-0xfed00fff]
[    0.000000] PM: Registered nosave memory: [mem 0xfed01000-0xfed0ffff]
[    0.000000] PM: Registered nosave memory: [mem 0xfed10000-0xfed19fff]
[    0.000000] PM: Registered nosave memory: [mem 0xfed1a000-0xfed83fff]
[    0.000000] PM: Registered nosave memory: [mem 0xfed84000-0xfed84fff]
[    0.000000] PM: Registered nosave memory: [mem 0xfed85000-0xfedfffff]
[    0.000000] PM: Registered nosave memory: [mem 0xfee00000-0xfee00fff]
[    0.000000] PM: Registered nosave memory: [mem 0xfee01000-0xff9fffff]
[    0.000000] PM: Registered nosave memory: [mem 0xffa00000-0xffffffff]
[    0.000000] e820: [mem 0x90000000-0xdfffffff] available for PCI devices
[    0.000000] Booting paravirtualized kernel on bare hardware
[    0.000000] clocksource: refined-jiffies: mask: 0xffffffff max_cycles: 0xffffffff, max_idle_ns: 7645519600211568 ns
[    0.000000] random: get_random_bytes called from start_kernel+0x99/0x500 with crng_init=0
[    0.000000] setup_percpu: NR_CPUS:8192 nr_cpumask_bits:4 nr_cpu_ids:4 nr_node_ids:1
[    0.000000] percpu: Embedded 45 pages/cpu s147456 r8192 d28672 u524288
[    0.000000] pcpu-alloc: s147456 r8192 d28672 u524288 alloc=1*2097152
[    0.000000] pcpu-alloc: [0] 0 1 2 3 
[    0.000000] Built 1 zonelists, mobility grouping on.  Total pages: 2043422
[    0.000000] Policy zone: Normal
[    0.000000] Kernel command line: BOOT_IMAGE=/boot/vmlinuz-4.15.0-140-generic root=UUID=fb355e0d-ae2f-4e62-9fd0-63866fe14c99 ro quiet splash vt.handoff=1
[    0.000000] Calgary: detecting Calgary via BIOS EBDA area
[    0.000000] Calgary: Unable to locate Rio Grande table in EBDA - bailing!
[    0.000000] Memory: 8003436K/8303524K available (12300K kernel code, 2483K rwdata, 4276K rodata, 2440K init, 2724K bss, 300088K reserved, 0K cma-reserved)
[    0.000000] SLUB: HWalign=64, Order=0-3, MinObjects=0, CPUs=4, Nodes=1
[    0.000000] Kernel/User page tables isolation: enabled
[    0.000000] ftrace: allocating 39429 entries in 155 pages
[    0.000000] Hierarchical RCU implementation.
[    0.000000] 	RCU restricting CPUs from NR_CPUS=8192 to nr_cpu_ids=4.
[    0.000000] 	Tasks RCU enabled.
[    0.000000] RCU: Adjusting geometry for rcu_fanout_leaf=16, nr_cpu_ids=4
[    0.000000] NR_IRQS: 524544, nr_irqs: 1024, preallocated irqs: 16
[    0.000000] vt handoff: transparent VT on vt#1
[    0.000000] Console: colour dummy device 80x25
[    0.000000] console [tty0] enabled
[    0.000000] ACPI: Core revision 20170831
[    0.000000] ACPI: 16 ACPI AML tables successfully acquired and loaded
[    0.000000] clocksource: hpet: mask: 0xffffffff max_cycles: 0xffffffff, max_idle_ns: 79635855245 ns
[    0.000000] hpet clockevent registered
[    0.004000] APIC: Switch to symmetric I/O mode setup
[    0.004000] DMAR: Host address width 39
[    0.004000] DMAR: DRHD base: 0x000000fed90000 flags: 0x0
[    0.004000] DMAR: dmar0: reg_base_addr fed90000 ver 1:0 cap 1c0000c40660462 ecap 19e2ff0505e
[    0.004000] DMAR: DRHD base: 0x000000fed91000 flags: 0x1
[    0.004000] DMAR: dmar1: reg_base_addr fed91000 ver 1:0 cap d2008c40660462 ecap f050da
[    0.004000] DMAR: RMRR base: 0x0000008c738000 end: 0x0000008c757fff
[    0.004000] DMAR: RMRR base: 0x0000008d800000 end: 0x0000008fffffff
[    0.004000] DMAR-IR: IOAPIC id 2 under DRHD base  0xfed91000 IOMMU 1
[    0.004000] DMAR-IR: HPET id 0 under DRHD base 0xfed91000
[    0.004000] DMAR-IR: Queued invalidation will be enabled to support x2apic and Intr-remapping.
[    0.004000] DMAR-IR: Enabled IRQ remapping in x2apic mode
[    0.004000] x2apic enabled
[    0.004000] Switched APIC routing to cluster x2apic.
[    0.004000] ..TIMER: vector=0x30 apic1=0 pin1=2 apic2=-1 pin2=-1
[    0.024000] tsc: Detected 2700.000 MHz processor
[    0.024000] tsc: Detected 2699.909 MHz TSC
[    0.024000] Calibrating delay loop (skipped), value calculated using timer frequency.. 5399.81 BogoMIPS (lpj=10799636)
[    0.024000] pid_max: default: 32768 minimum: 301
[    0.024000] Security Framework initialized
[    0.024000] Yama: becoming mindful.
[    0.024000] AppArmor: AppArmor initialized
[    0.024000] Dentry cache hash table entries: 1048576 (order: 11, 8388608 bytes)
[    0.028755] Inode-cache hash table entries: 524288 (order: 10, 4194304 bytes)
[    0.028795] Mount-cache hash table entries: 16384 (order: 5, 131072 bytes)
[    0.028826] Mountpoint-cache hash table entries: 16384 (order: 5, 131072 bytes)
[    0.029041] ENERGY_PERF_BIAS: Set to 'normal', was 'performance'
[    0.029042] ENERGY_PERF_BIAS: View and update with x86_energy_perf_policy(8)
[    0.029075] CPU0: Thermal monitoring enabled (TM1)
[    0.029091] process: using mwait in idle threads
[    0.029093] Last level iTLB entries: 4KB 64, 2MB 8, 4MB 8
[    0.029094] Last level dTLB entries: 4KB 64, 2MB 0, 4MB 0, 1GB 4
[    0.029095] Spectre V1 : Mitigation: usercopy/swapgs barriers and __user pointer sanitization
[    0.029097] Spectre V2 : Mitigation: Full generic retpoline
[    0.029098] Spectre V2 : Spectre v2 / SpectreRSB mitigation: Filling RSB on context switch
[    0.029098] Spectre V2 : Enabling Restricted Speculation for firmware calls
[    0.029106] Spectre V2 : mitigation: Enabling conditional Indirect Branch Prediction Barrier
[    0.029107] Spectre V2 : User space: Mitigation: STIBP via seccomp and prctl
[    0.029108] Speculative Store Bypass: Mitigation: Speculative Store Bypass disabled via prctl and seccomp
[    0.029136] SRBDS: Mitigation: Microcode
[    0.029136] MDS: Mitigation: Clear CPU buffers
[    0.041384] Freeing SMP alternatives memory: 36K
[    0.044961] smpboot: CPU0: Intel(R) Core(TM) i5-7200U CPU @ 2.50GHz (family: 0x6, model: 0x8e, stepping: 0x9)
[    0.045026] Performance Events: PEBS fmt3+, Skylake events, 32-deep LBR, full-width counters, Intel PMU driver.
[    0.045068] ... version:                4
[    0.045069] ... bit width:              48
[    0.045069] ... generic registers:      4
[    0.045070] ... value mask:             0000ffffffffffff
[    0.045071] ... max period:             00007fffffffffff
[    0.045071] ... fixed-purpose events:   3
[    0.045072] ... event mask:             000000070000000f
[    0.045117] Hierarchical SRCU implementation.
[    0.048711] NMI watchdog: Enabled. Permanently consumes one hw-PMU counter.
[    0.048725] smp: Bringing up secondary CPUs ...
[    0.048800] x86: Booting SMP configuration:
[    0.048801] .... node  #0, CPUs:      #1 #2
[    0.052160] MDS CPU bug present and SMT on, data leak possible. See https://www.kernel.org/doc/html/latest/admin-guide/hw-vuln/mds.html for more details.
[    0.052252]  #3
[    0.052664] smp: Brought up 1 node, 4 CPUs
[    0.052664] smpboot: Max logical packages: 1
[    0.052664] smpboot: Total of 4 processors activated (21599.27 BogoMIPS)
[    0.056312] devtmpfs: initialized
[    0.056312] x86/mm: Memory block size: 128MB
[    0.056662] evm: security.selinux
[    0.056663] evm: security.SMACK64
[    0.056663] evm: security.SMACK64EXEC
[    0.056663] evm: security.SMACK64TRANSMUTE
[    0.056664] evm: security.SMACK64MMAP
[    0.056664] evm: security.apparmor
[    0.056665] evm: security.ima
[    0.056665] evm: security.capability
[    0.056676] PM: Registering ACPI NVS region [mem 0x741ec000-0x741ecfff] (4096 bytes)
[    0.056676] PM: Registering ACPI NVS region [mem 0x8c88e000-0x8cf7dfff] (7274496 bytes)
[    0.056676] clocksource: jiffies: mask: 0xffffffff max_cycles: 0xffffffff, max_idle_ns: 7645041785100000 ns
[    0.056676] futex hash table entries: 1024 (order: 4, 65536 bytes)
[    0.056676] pinctrl core: initialized pinctrl subsystem
[    0.056676] RTC time: 12:10:07, date: 04/12/21
[    0.056676] NET: Registered protocol family 16
[    0.056676] audit: initializing netlink subsys (disabled)
[    0.056676] audit: type=2000 audit(1618229407.056:1): state=initialized audit_enabled=0 res=1
[    0.056676] cpuidle: using governor ladder
[    0.056676] cpuidle: using governor menu
[    0.056676] Simple Boot Flag at 0x44 set to 0x1
[    0.056676] ACPI FADT declares the system doesn't support PCIe ASPM, so disable it
[    0.056676] ACPI: bus type PCI registered
[    0.056676] acpiphp: ACPI Hot Plug PCI Controller Driver version: 0.5
[    0.056676] PCI: MMCONFIG for domain 0000 [bus 00-ff] at [mem 0xe0000000-0xefffffff] (base 0xe0000000)
[    0.056676] PCI: MMCONFIG at [mem 0xe0000000-0xefffffff] reserved in E820
[    0.056676] PCI: Using configuration type 1 for base access
[    0.057119] HugeTLB registered 1.00 GiB page size, pre-allocated 0 pages
[    0.057119] HugeTLB registered 2.00 MiB page size, pre-allocated 0 pages
[    0.057119] ACPI: Added _OSI(Module Device)
[    0.057119] ACPI: Added _OSI(Processor Device)
[    0.057119] ACPI: Added _OSI(3.0 _SCP Extensions)
[    0.057119] ACPI: Added _OSI(Processor Aggregator Device)
[    0.057119] ACPI: Added _OSI(Linux-Dell-Video)
[    0.057119] ACPI: Added _OSI(Linux-Lenovo-NV-HDMI-Audio)
[    0.057119] ACPI: Added _OSI(Linux-HPI-Hybrid-Graphics)
[    0.061098] ACPI: Executed 56 blocks of module-level executable AML code
[    0.077326] ACPI: [Firmware Bug]: BIOS _OSI(Linux) query ignored
[    0.081610] ACPI: Dynamic OEM Table Load:
[    0.081626] ACPI: SSDT 0xFFFF8F6624EE0800 0006B4 (v02 PmRef  Cpu0Ist  00003000 INTL 20160527)
[    0.081984] ACPI: Executed 1 blocks of module-level executable AML code
[    0.082072] ACPI: \_PR_.PR00: _OSC native thermal LVT Acked
[    0.083965] ACPI: Dynamic OEM Table Load:
[    0.083974] ACPI: SSDT 0xFFFF8F66249A8400 0003FF (v02 PmRef  Cpu0Cst  00003001 INTL 20160527)
[    0.084310] ACPI: Executed 1 blocks of module-level executable AML code
[    0.085014] ACPI: Dynamic OEM Table Load:
[    0.085024] ACPI: SSDT 0xFFFF8F6626140000 000D14 (v02 PmRef  ApIst    00003000 INTL 20160527)
[    0.086151] ACPI: Executed 1 blocks of module-level executable AML code
[    0.086427] ACPI: Dynamic OEM Table Load:
[    0.086435] ACPI: SSDT 0xFFFF8F66249AAC00 00030A (v02 PmRef  ApCst    00003000 INTL 20160527)
[    0.086825] ACPI: Executed 1 blocks of module-level executable AML code
[    0.089251] ACPI: EC: EC started
[    0.089252] ACPI: EC: interrupt blocked
[    0.089721] ACPI: \_SB_.PCI0.LPCB.EC0_: Used as first EC
[    0.089723] ACPI: \_SB_.PCI0.LPCB.EC0_: GPE=0x50, EC_CMD/EC_SC=0x66, EC_DATA=0x62
[    0.089724] ACPI: \_SB_.PCI0.LPCB.EC0_: Used as boot DSDT EC to handle transactions
[    0.089725] ACPI: Interpreter enabled
[    0.089777] ACPI: (supports S0 S3 S4 S5)
[    0.089778] ACPI: Using IOAPIC for interrupt routing
[    0.089822] PCI: Using host bridge windows from ACPI; if necessary, use "pci=nocrs" and report a bug
[    0.091266] ACPI: Enabled 6 GPEs in block 00 to 7F
[    0.106964] ACPI: Power Resource [WRST] (on)
[    0.107475] ACPI: Power Resource [WRST] (on)
[    0.107989] ACPI: Power Resource [WRST] (on)
[    0.108510] ACPI: Power Resource [WRST] (on)
[    0.108821] ACPI: Power Resource [WRST] (on)
[    0.109638] ACPI: Power Resource [WRST] (on)
[    0.110146] ACPI: Power Resource [WRST] (on)
[    0.110653] ACPI: Power Resource [WRST] (on)
[    0.111161] ACPI: Power Resource [WRST] (on)
[    0.111670] ACPI: Power Resource [WRST] (on)
[    0.112182] ACPI: Power Resource [WRST] (on)
[    0.112694] ACPI: Power Resource [WRST] (on)
[    0.113171] ACPI: Power Resource [WRST] (on)
[    0.113658] ACPI: Power Resource [WRST] (on)
[    0.114137] ACPI: Power Resource [WRST] (on)
[    0.114621] ACPI: Power Resource [WRST] (on)
[    0.115096] ACPI: Power Resource [WRST] (on)
[    0.115576] ACPI: Power Resource [WRST] (on)
[    0.116058] ACPI: Power Resource [WRST] (on)
[    0.116537] ACPI: Power Resource [WRST] (on)
[    0.133721] ACPI: Power Resource [FN00] (off)
[    0.133839] ACPI: Power Resource [FN01] (off)
[    0.133951] ACPI: Power Resource [FN02] (off)
[    0.134064] ACPI: Power Resource [FN03] (off)
[    0.134175] ACPI: Power Resource [FN04] (off)
[    0.135821] ACPI: PCI Root Bridge [PCI0] (domain 0000 [bus 00-fe])
[    0.135826] acpi PNP0A08:00: _OSC: OS supports [ExtendedConfig ASPM ClockPM Segments MSI]
[    0.136052] acpi PNP0A08:00: _OSC: platform does not support [PCIeHotplug PME]
[    0.136253] acpi PNP0A08:00: _OSC: OS now controls [AER PCIeCapability]
[    0.136254] acpi PNP0A08:00: FADT indicates ASPM is unsupported, using BIOS configuration
[    0.138622] PCI host bridge to bus 0000:00
[    0.138626] pci_bus 0000:00: root bus resource [io  0x0000-0x0cf7 window]
[    0.138628] pci_bus 0000:00: root bus resource [io  0x0d00-0xffff window]
[    0.138629] pci_bus 0000:00: root bus resource [mem 0x000a0000-0x000bffff window]
[    0.138630] pci_bus 0000:00: root bus resource [mem 0x000c0000-0x000c3fff window]
[    0.138631] pci_bus 0000:00: root bus resource [mem 0x000c4000-0x000c7fff window]
[    0.138632] pci_bus 0000:00: root bus resource [mem 0x000c8000-0x000cbfff window]
[    0.138633] pci_bus 0000:00: root bus resource [mem 0x000cc000-0x000cffff window]
[    0.138634] pci_bus 0000:00: root bus resource [mem 0x000d0000-0x000d3fff window]
[    0.138635] pci_bus 0000:00: root bus resource [mem 0x000d4000-0x000d7fff window]
[    0.138635] pci_bus 0000:00: root bus resource [mem 0x000d8000-0x000dbfff window]
[    0.138636] pci_bus 0000:00: root bus resource [mem 0x000dc000-0x000dffff window]
[    0.138637] pci_bus 0000:00: root bus resource [mem 0x000e0000-0x000e3fff window]
[    0.138638] pci_bus 0000:00: root bus resource [mem 0x000e4000-0x000e7fff window]
[    0.138639] pci_bus 0000:00: root bus resource [mem 0x000e8000-0x000ebfff window]
[    0.138640] pci_bus 0000:00: root bus resource [mem 0x000ec000-0x000effff window]
[    0.138641] pci_bus 0000:00: root bus resource [mem 0x000f0000-0x000fffff window]
[    0.138642] pci_bus 0000:00: root bus resource [mem 0x90000000-0xdfffffff window]
[    0.138643] pci_bus 0000:00: root bus resource [mem 0xfd000000-0xfe7fffff window]
[    0.138644] pci_bus 0000:00: root bus resource [bus 00-fe]
[    0.138653] pci 0000:00:00.0: [8086:5904] type 00 class 0x060000
[    0.139827] pci 0000:00:02.0: [8086:5916] type 00 class 0x030000
[    0.139840] pci 0000:00:02.0: reg 0x10: [mem 0xb0000000-0xb0ffffff 64bit]
[    0.139846] pci 0000:00:02.0: reg 0x18: [mem 0xa0000000-0xafffffff 64bit pref]
[    0.139851] pci 0000:00:02.0: reg 0x20: [io  0x4000-0x403f]
[    0.139869] pci 0000:00:02.0: BAR 2: assigned to efifb
[    0.140824] pci 0000:00:04.0: [8086:1903] type 00 class 0x118000
[    0.140839] pci 0000:00:04.0: reg 0x10: [mem 0xb1220000-0xb1227fff 64bit]
[    0.141832] pci 0000:00:08.0: [8086:1911] type 00 class 0x088000
[    0.141848] pci 0000:00:08.0: reg 0x10: [mem 0xb1232000-0xb1232fff 64bit]
[    0.142825] pci 0000:00:14.0: [8086:9d2f] type 00 class 0x0c0330
[    0.142850] pci 0000:00:14.0: reg 0x10: [mem 0xb1210000-0xb121ffff 64bit]
[    0.142925] pci 0000:00:14.0: PME# supported from D3hot D3cold
[    0.143952] pci 0000:00:14.2: [8086:9d31] type 00 class 0x118000
[    0.143976] pci 0000:00:14.2: reg 0x10: [mem 0xb1233000-0xb1233fff 64bit]
[    0.144972] pci 0000:00:16.0: [8086:9d3a] type 00 class 0x078000
[    0.145001] pci 0000:00:16.0: reg 0x10: [mem 0xb1234000-0xb1234fff 64bit]
[    0.145082] pci 0000:00:16.0: PME# supported from D3hot
[    0.146079] pci 0000:00:17.0: [8086:9d03] type 00 class 0x010601
[    0.146099] pci 0000:00:17.0: reg 0x10: [mem 0xb1230000-0xb1231fff]
[    0.146108] pci 0000:00:17.0: reg 0x14: [mem 0xb1237000-0xb12370ff]
[    0.146116] pci 0000:00:17.0: reg 0x18: [io  0x4080-0x4087]
[    0.146124] pci 0000:00:17.0: reg 0x1c: [io  0x4088-0x408b]
[    0.146132] pci 0000:00:17.0: reg 0x20: [io  0x4060-0x407f]
[    0.146141] pci 0000:00:17.0: reg 0x24: [mem 0xb1235000-0xb12357ff]
[    0.146187] pci 0000:00:17.0: PME# supported from D3hot
[    0.147154] pci 0000:00:1c.0: [8086:9d14] type 01 class 0x060400
[    0.147239] pci 0000:00:1c.0: PME# supported from D0 D3hot D3cold
[    0.148247] pci 0000:00:1c.5: [8086:9d15] type 01 class 0x060400
[    0.148333] pci 0000:00:1c.5: PME# supported from D0 D3hot D3cold
[    0.149349] pci 0000:00:1f.0: [8086:9d4e] type 00 class 0x060100
[    0.150414] pci 0000:00:1f.2: [8086:9d21] type 00 class 0x058000
[    0.150432] pci 0000:00:1f.2: reg 0x10: [mem 0xb122c000-0xb122ffff]
[    0.151440] pci 0000:00:1f.3: [8086:9d71] type 00 class 0x040300
[    0.151471] pci 0000:00:1f.3: reg 0x10: [mem 0xb1228000-0xb122bfff 64bit]
[    0.151507] pci 0000:00:1f.3: reg 0x20: [mem 0xb1200000-0xb120ffff 64bit]
[    0.151562] pci 0000:00:1f.3: PME# supported from D3hot D3cold
[    0.152606] pci 0000:00:1f.4: [8086:9d23] type 00 class 0x0c0500
[    0.152666] pci 0000:00:1f.4: reg 0x10: [mem 0xb1236000-0xb12360ff 64bit]
[    0.152735] pci 0000:00:1f.4: reg 0x20: [io  0x4040-0x405f]
[    0.153810] pci 0000:01:00.0: [10ec:8168] type 00 class 0x020000
[    0.153842] pci 0000:01:00.0: reg 0x10: [io  0x3000-0x30ff]
[    0.153871] pci 0000:01:00.0: reg 0x18: [mem 0xb1104000-0xb1104fff 64bit]
[    0.153889] pci 0000:01:00.0: reg 0x20: [mem 0xb1100000-0xb1103fff 64bit]
[    0.153994] pci 0000:01:00.0: supports D1 D2
[    0.153995] pci 0000:01:00.0: PME# supported from D0 D1 D2 D3hot D3cold
[    0.164094] pci 0000:00:1c.0: PCI bridge to [bus 01]
[    0.164097] pci 0000:00:1c.0:   bridge window [io  0x3000-0x3fff]
[    0.164100] pci 0000:00:1c.0:   bridge window [mem 0xb1100000-0xb11fffff]
[    0.164322] pci 0000:02:00.0: [8086:24fb] type 00 class 0x028000
[    0.164424] pci 0000:02:00.0: reg 0x10: [mem 0xb1000000-0xb1001fff 64bit]
[    0.164768] pci 0000:02:00.0: PME# supported from D0 D3hot D3cold
[    0.176367] pci 0000:00:1c.5: PCI bridge to [bus 02]
[    0.176372] pci 0000:00:1c.5:   bridge window [mem 0xb1000000-0xb10fffff]
[    0.185891] ACPI: PCI Interrupt Link [LNKA] (IRQs 3 4 5 6 10 *11 12 14 15)
[    0.185960] ACPI: PCI Interrupt Link [LNKB] (IRQs 3 4 5 6 *10 11 12 14 15)
[    0.186026] ACPI: PCI Interrupt Link [LNKC] (IRQs 3 4 5 6 10 *11 12 14 15)
[    0.186093] ACPI: PCI Interrupt Link [LNKD] (IRQs 3 4 5 6 10 *11 12 14 15)
[    0.186158] ACPI: PCI Interrupt Link [LNKE] (IRQs 3 4 5 6 10 *11 12 14 15)
[    0.186224] ACPI: PCI Interrupt Link [LNKF] (IRQs 3 4 5 6 10 *11 12 14 15)
[    0.186289] ACPI: PCI Interrupt Link [LNKG] (IRQs 3 4 5 6 10 *11 12 14 15)
[    0.186354] ACPI: PCI Interrupt Link [LNKH] (IRQs 3 4 5 6 10 *11 12 14 15)
[    0.187535] ACPI: EC: interrupt unblocked
[    0.187550] ACPI: EC: event unblocked
[    0.187562] ACPI: \_SB_.PCI0.LPCB.EC0_: GPE=0x50, EC_CMD/EC_SC=0x66, EC_DATA=0x62
[    0.187563] ACPI: \_SB_.PCI0.LPCB.EC0_: Used as boot DSDT EC to handle transactions and events
[    0.187788] SCSI subsystem initialized
[    0.187795] libata version 3.00 loaded.
[    0.187795] pci 0000:00:02.0: vgaarb: setting as boot VGA device
[    0.187795] pci 0000:00:02.0: vgaarb: VGA device added: decodes=io+mem,owns=io+mem,locks=none
[    0.187795] pci 0000:00:02.0: vgaarb: bridge control possible
[    0.187795] vgaarb: loaded
[    0.187795] ACPI: bus type USB registered
[    0.187795] usbcore: registered new interface driver usbfs
[    0.187795] usbcore: registered new interface driver hub
[    0.187795] usbcore: registered new device driver usb
[    0.187795] EDAC MC: Ver: 3.0.0
[    0.188028] Registered efivars operations
[    0.188064] PCI: Using ACPI for IRQ routing
[    0.212589] PCI: pci_cache_line_size set to 64 bytes
[    0.212931] e820: reserve RAM buffer [mem 0x00058000-0x0005ffff]
[    0.212932] e820: reserve RAM buffer [mem 0x0009e000-0x0009ffff]
[    0.212933] e820: reserve RAM buffer [mem 0x73d7e018-0x73ffffff]
[    0.212934] e820: reserve RAM buffer [mem 0x741ec000-0x77ffffff]
[    0.212934] e820: reserve RAM buffer [mem 0x7c3de000-0x7fffffff]
[    0.212935] e820: reserve RAM buffer [mem 0x8bd4e000-0x8bffffff]
[    0.212936] e820: reserve RAM buffer [mem 0x8cfff000-0x8fffffff]
[    0.212937] e820: reserve RAM buffer [mem 0x26f000000-0x26fffffff]
[    0.213015] NetLabel: Initializing
[    0.213016] NetLabel:  domain hash size = 128
[    0.213016] NetLabel:  protocols = UNLABELED CIPSOv4 CALIPSO
[    0.213029] NetLabel:  unlabeled traffic allowed by default
[    0.216750] hpet0: at MMIO 0xfed00000, IRQs 2, 8, 0, 0, 0, 0, 0, 0
[    0.216754] hpet0: 8 comparators, 64-bit 24.000000 MHz counter
[    0.220020] clocksource: Switched to clocksource hpet
[    0.230416] VFS: Disk quotas dquot_6.6.0
[    0.230430] VFS: Dquot-cache hash table entries: 512 (order 0, 4096 bytes)
[    0.230519] AppArmor: AppArmor Filesystem Enabled
[    0.230545] pnp: PnP ACPI init
[    0.230772] system 00:00: [mem 0xfd000000-0xfdabffff] has been reserved
[    0.230774] system 00:00: [mem 0xfdad0000-0xfdadffff] has been reserved
[    0.230775] system 00:00: [mem 0xfdb00000-0xfdffffff] has been reserved
[    0.230776] system 00:00: [mem 0xfe000000-0xfe01ffff] has been reserved
[    0.230777] system 00:00: [mem 0xfe036000-0xfe03bfff] has been reserved
[    0.230779] system 00:00: [mem 0xfe03d000-0xfe3fffff] has been reserved
[    0.230780] system 00:00: [mem 0xfe410000-0xfe7fffff] has been reserved
[    0.230784] system 00:00: Plug and Play ACPI device, IDs PNP0c02 (active)
[    0.231140] system 00:01: [io  0x2000-0x20fe] has been reserved
[    0.231143] system 00:01: Plug and Play ACPI device, IDs PNP0c02 (active)
[    0.231335] system 00:02: [io  0x0680-0x069f] has been reserved
[    0.231336] system 00:02: [io  0xfd60-0xfd63] has been reserved
[    0.231337] system 00:02: [io  0xffff] has been reserved
[    0.231338] system 00:02: [io  0xffff] has been reserved
[    0.231339] system 00:02: [io  0xffff] has been reserved
[    0.231340] system 00:02: [io  0x1800-0x18fe] has been reserved
[    0.231341] system 00:02: [io  0x164e-0x164f] has been reserved
[    0.231344] system 00:02: Plug and Play ACPI device, IDs PNP0c02 (active)
[    0.231456] pnp 00:03: Plug and Play ACPI device, IDs PNP0b00 (active)
[    0.231498] system 00:04: [io  0x1854-0x1857] has been reserved
[    0.231501] system 00:04: Plug and Play ACPI device, IDs INT3f0d PNP0c02 (active)
[    0.231539] pnp 00:05: Plug and Play ACPI device, IDs PNP0303 (active)
[    0.231562] pnp 00:06: Plug and Play ACPI device, IDs SYN3251 PNP0f13 (active)
[    0.237674] system 00:07: [mem 0xfe029000-0xfe029fff] has been reserved
[    0.237676] system 00:07: [mem 0xfe028000-0xfe028fff] has been reserved
[    0.237677] system 00:07: [mem 0xfdaf0000-0xfdafffff] has been reserved
[    0.237678] system 00:07: [mem 0xfdae0000-0xfdaeffff] has been reserved
[    0.237679] system 00:07: [mem 0xfdac0000-0xfdacffff] has been reserved
[    0.237682] system 00:07: Plug and Play ACPI device, IDs PNP0c02 (active)
[    0.238338] system 00:08: [mem 0xfed10000-0xfed17fff] has been reserved
[    0.238339] system 00:08: [mem 0xfed18000-0xfed18fff] has been reserved
[    0.238341] system 00:08: [mem 0xfed19000-0xfed19fff] has been reserved
[    0.238342] system 00:08: [mem 0xe0000000-0xefffffff] has been reserved
[    0.238343] system 00:08: [mem 0xfed20000-0xfed3ffff] has been reserved
[    0.238344] system 00:08: [mem 0xfed90000-0xfed93fff] could not be reserved
[    0.238345] system 00:08: [mem 0xfed45000-0xfed8ffff] could not be reserved
[    0.238347] system 00:08: [mem 0xff000000-0xff000fff] has been reserved
[    0.238348] system 00:08: [mem 0xff010000-0xffffffff] could not be reserved
[    0.238349] system 00:08: [mem 0xfee00000-0xfeefffff] could not be reserved
[    0.238350] system 00:08: [mem 0x90000000-0x9001ffff] has been reserved
[    0.238353] system 00:08: Plug and Play ACPI device, IDs PNP0c02 (active)
[    0.239307] pnp: PnP ACPI: found 9 devices
[    0.246823] clocksource: acpi_pm: mask: 0xffffff max_cycles: 0xffffff, max_idle_ns: 2085701024 ns
[    0.246832] pci 0000:00:1c.0: PCI bridge to [bus 01]
[    0.246834] pci 0000:00:1c.0:   bridge window [io  0x3000-0x3fff]
[    0.246838] pci 0000:00:1c.0:   bridge window [mem 0xb1100000-0xb11fffff]
[    0.246845] pci 0000:00:1c.5: PCI bridge to [bus 02]
[    0.246848] pci 0000:00:1c.5:   bridge window [mem 0xb1000000-0xb10fffff]
[    0.246855] pci_bus 0000:00: resource 4 [io  0x0000-0x0cf7 window]
[    0.246856] pci_bus 0000:00: resource 5 [io  0x0d00-0xffff window]
[    0.246857] pci_bus 0000:00: resource 6 [mem 0x000a0000-0x000bffff window]
[    0.246859] pci_bus 0000:00: resource 7 [mem 0x000c0000-0x000c3fff window]
[    0.246860] pci_bus 0000:00: resource 8 [mem 0x000c4000-0x000c7fff window]
[    0.246861] pci_bus 0000:00: resource 9 [mem 0x000c8000-0x000cbfff window]
[    0.246862] pci_bus 0000:00: resource 10 [mem 0x000cc000-0x000cffff window]
[    0.246863] pci_bus 0000:00: resource 11 [mem 0x000d0000-0x000d3fff window]
[    0.246864] pci_bus 0000:00: resource 12 [mem 0x000d4000-0x000d7fff window]
[    0.246865] pci_bus 0000:00: resource 13 [mem 0x000d8000-0x000dbfff window]
[    0.246866] pci_bus 0000:00: resource 14 [mem 0x000dc000-0x000dffff window]
[    0.246867] pci_bus 0000:00: resource 15 [mem 0x000e0000-0x000e3fff window]
[    0.246868] pci_bus 0000:00: resource 16 [mem 0x000e4000-0x000e7fff window]
[    0.246868] pci_bus 0000:00: resource 17 [mem 0x000e8000-0x000ebfff window]
[    0.246869] pci_bus 0000:00: resource 18 [mem 0x000ec000-0x000effff window]
[    0.246870] pci_bus 0000:00: resource 19 [mem 0x000f0000-0x000fffff window]
[    0.246871] pci_bus 0000:00: resource 20 [mem 0x90000000-0xdfffffff window]
[    0.246872] pci_bus 0000:00: resource 21 [mem 0xfd000000-0xfe7fffff window]
[    0.246874] pci_bus 0000:01: resource 0 [io  0x3000-0x3fff]
[    0.246875] pci_bus 0000:01: resource 1 [mem 0xb1100000-0xb11fffff]
[    0.246876] pci_bus 0000:02: resource 1 [mem 0xb1000000-0xb10fffff]
[    0.247103] NET: Registered protocol family 2
[    0.247250] TCP established hash table entries: 65536 (order: 7, 524288 bytes)
[    0.247381] TCP bind hash table entries: 65536 (order: 8, 1048576 bytes)
[    0.247633] TCP: Hash tables configured (established 65536 bind 65536)
[    0.247666] UDP hash table entries: 4096 (order: 5, 131072 bytes)
[    0.247697] UDP-Lite hash table entries: 4096 (order: 5, 131072 bytes)
[    0.247754] NET: Registered protocol family 1
[    0.247766] pci 0000:00:02.0: Video device with shadowed ROM at [mem 0x000c0000-0x000dffff]
[    0.249455] PCI: CLS 64 bytes, default 64
[    0.249485] Unpacking initramfs...
[    0.814354] Freeing initrd memory: 39060K
[    0.814412] PCI-DMA: Using software bounce buffering for IO (SWIOTLB)
[    0.814414] software IO TLB: mapped [mem 0x87766000-0x8b766000] (64MB)
[    0.814785] Scanning for low memory corruption every 60 seconds
[    0.815511] Initialise system trusted keyrings
[    0.815521] Key type blacklist registered
[    0.815581] workingset: timestamp_bits=36 max_order=21 bucket_order=0
[    0.816622] zbud: loaded
[    0.817137] squashfs: version 4.0 (2009/01/31) Phillip Lougher
[    0.817310] fuse init (API version 7.26)
[    0.820482] Key type asymmetric registered
[    0.820483] Asymmetric key parser 'x509' registered
[    0.820515] Block layer SCSI generic (bsg) driver version 0.4 loaded (major 246)
[    0.820572] io scheduler noop registered
[    0.820572] io scheduler deadline registered
[    0.820599] io scheduler cfq registered (default)
[    0.821243] pcieport 0000:00:1c.0: AER enabled with IRQ 122
[    0.821262] pcieport 0000:00:1c.5: AER enabled with IRQ 123
[    0.821324] efifb: probing for efifb
[    0.821339] efifb: framebuffer at 0xa0000000, using 8100k, total 8100k
[    0.821339] efifb: mode is 1920x1080x32, linelength=7680, pages=1
[    0.821340] efifb: scrolling: redraw
[    0.821341] efifb: Truecolor: size=8:8:8:8, shift=24:16:8:0
[    0.821436] Console: switching to colour frame buffer device 240x67
[    0.821477] fb0: EFI VGA frame buffer device
[    0.821485] intel_idle: MWAIT substates: 0x11142120
[    0.821486] intel_idle: v0.4.1 model 0x8E
[    0.821691] intel_idle: lapic_timer_reliable_states 0xffffffff
[    0.821883] ACPI: AC Adapter [ACAD] (on-line)
[    0.821961] input: Lid Switch as /devices/LNXSYSTM:00/LNXSYBUS:00/PNP0A08:00/device:19/PNP0C0D:00/input/input0
[    0.821997] ACPI: Lid Switch [LID0]
[    0.822047] input: Power Button as /devices/LNXSYSTM:00/LNXPWRBN:00/input/input1
[    0.822102] ACPI: Power Button [PWRF]
[    0.823073] (NULL device *): hwmon_device_register() is deprecated. Please convert the driver to use hwmon_device_register_with_info().
[    0.823266] thermal LNXTHERM:00: registered as thermal_zone0
[    0.823267] ACPI: Thermal Zone [TZ00] (28 C)
[    0.823460] thermal LNXTHERM:01: registered as thermal_zone1
[    0.823460] ACPI: Thermal Zone [TZ01] (30 C)
[    0.823533] thermal LNXTHERM:02: registered as thermal_zone2
[    0.823533] ACPI: Thermal Zone [TZ02] (10 C)
[    0.823721] Serial: 8250/16550 driver, 32 ports, IRQ sharing enabled
[    0.884640] ACPI: Battery Slot [BAT1] (battery present)
[    0.884964] Linux agpgart interface v0.103
[    0.920101] loop: module loaded
[    0.920268] libphy: Fixed MDIO Bus: probed
[    0.920270] tun: Universal TUN/TAP device driver, 1.6
[    0.920329] PPP generic driver version 2.4.2
[    0.920389] ehci_hcd: USB 2.0 'Enhanced' Host Controller (EHCI) Driver
[    0.920391] ehci-pci: EHCI PCI platform driver
[    0.920401] ehci-platform: EHCI generic platform driver
[    0.920412] ohci_hcd: USB 1.1 'Open' Host Controller (OHCI) Driver
[    0.920413] ohci-pci: OHCI PCI platform driver
[    0.920420] ohci-platform: OHCI generic platform driver
[    0.920426] uhci_hcd: USB Universal Host Controller Interface driver
[    0.920626] xhci_hcd 0000:00:14.0: xHCI Host Controller
[    0.920631] xhci_hcd 0000:00:14.0: new USB bus registered, assigned bus number 1
[    0.921732] xhci_hcd 0000:00:14.0: hcc params 0x200077c1 hci version 0x100 quirks 0x0000000001109810
[    0.921912] xhci_hcd 0000:00:14.0: cache line size of 64 is not supported
[    0.922077] usb usb1: New USB device found, idVendor=1d6b, idProduct=0002
[    0.922079] usb usb1: New USB device strings: Mfr=3, Product=2, SerialNumber=1
[    0.922080] usb usb1: Product: xHCI Host Controller
[    0.922081] usb usb1: Manufacturer: Linux 4.15.0-140-generic xhci-hcd
[    0.922082] usb usb1: SerialNumber: 0000:00:14.0
[    0.922226] hub 1-0:1.0: USB hub found
[    0.922241] hub 1-0:1.0: 12 ports detected
[    0.923461] xhci_hcd 0000:00:14.0: xHCI Host Controller
[    0.923464] xhci_hcd 0000:00:14.0: new USB bus registered, assigned bus number 2
[    0.923466] xhci_hcd 0000:00:14.0: Host supports USB 3.0  SuperSpeed
[    0.923497] usb usb2: New USB device found, idVendor=1d6b, idProduct=0003
[    0.923498] usb usb2: New USB device strings: Mfr=3, Product=2, SerialNumber=1
[    0.923499] usb usb2: Product: xHCI Host Controller
[    0.923500] usb usb2: Manufacturer: Linux 4.15.0-140-generic xhci-hcd
[    0.923501] usb usb2: SerialNumber: 0000:00:14.0
[    0.923641] hub 2-0:1.0: USB hub found
[    0.923650] hub 2-0:1.0: 6 ports detected
[    0.924057] usb: port power management may be unreliable
[    0.924344] i8042: PNP: PS/2 Controller [PNP0303:PS2K,PNP0f13:PS2M] at 0x60,0x64 irq 1,12
[    0.945032] serio: i8042 KBD port at 0x60,0x64 irq 1
[    0.945035] serio: i8042 AUX port at 0x60,0x64 irq 12
[    0.945260] mousedev: PS/2 mouse device common for all mice
[    0.945553] rtc_cmos 00:03: RTC can wake from S4
[    0.945976] rtc_cmos 00:03: rtc core: registered rtc_cmos as rtc0
[    0.946059] rtc_cmos 00:03: alarms up to one month, y3k, 242 bytes nvram, hpet irqs
[    0.946064] i2c /dev entries driver
[    0.946110] device-mapper: uevent: version 1.0.3
[    0.946197] device-mapper: ioctl: 4.37.0-ioctl (2017-09-20) initialised: dm-devel@redhat.com
[    0.946201] intel_pstate: Intel P-state driver initializing
[    0.946776] intel_pstate: HWP enabled
[    0.946978] ledtrig-cpu: registered to indicate activity on CPUs
[    0.946979] EFI Variables Facility v0.08 2004-May-17
[    0.957641] input: AT Translated Set 2 keyboard as /devices/platform/i8042/serio0/input/input2
[    1.006707] intel_pmc_core:  initialized
[    1.006866] NET: Registered protocol family 10
[    1.010523] Segment Routing with IPv6
[    1.010543] NET: Registered protocol family 17
[    1.010615] Key type dns_resolver registered
[    1.010900] mce: Using 8 MCE banks
[    1.010909] RAS: Correctable Errors collector initialized.
[    1.010936] microcode: sig=0x806e9, pf=0x80, revision=0xde
[    1.011026] microcode: Microcode Update Driver: v2.2.
[    1.011035] sched_clock: Marking stable (1011023574, 0)->(1697464581, -686441007)
[    1.011347] registered taskstats version 1
[    1.011356] Loading compiled-in X.509 certificates
[    1.013358] Loaded X.509 cert 'Build time autogenerated kernel key: f44537957b99d83206ce3e6a27744bf062e80295'
[    1.014989] Loaded UEFI:db cert 'Microsoft Windows Production PCA 2011: a92902398e16c49778cd90f99e4f9ae17c55af53' linked to secondary sys keyring
[    1.015010] Loaded UEFI:db cert 'Microsoft Corporation UEFI CA 2011: 13adbf4309bd82709c8cd54f316ed522988a1bd4' linked to secondary sys keyring
[    1.015029] Loaded UEFI:db cert 'Hewlett-Packard Company: HP UEFI Secure Boot 2013 DB key: 1d7cf2c2b92673f69c8ee1ec7063967ab9b62bec' linked to secondary sys keyring
[    1.017780] Loaded UEFI:MokListRT cert 'VMWARE: 05e9beb4eb0ac7a26b998ca82a52c4bcab1055c3' linked to secondary sys keyring
[    1.017957] Loaded UEFI:MokListRT cert 'VMWARE: 46ecbae5b037c9d996b1b1f09fc24e4773a3baf3' linked to secondary sys keyring
[    1.018128] Loaded UEFI:MokListRT cert 'VMWARE: dbc288d5b8781d3a37619b73c9483f93d6574962' linked to secondary sys keyring
[    1.018144] Loaded UEFI:MokListRT cert 'SomeOrg: shim: a01ee84e9b37ace407961cc468c5909447878469' linked to secondary sys keyring
[    1.018315] Loaded UEFI:MokListRT cert 'Canonical Ltd. Master Certificate Authority: ad91990bc22ab1f517048c23b6655a268e345a63' linked to secondary sys keyring
[    1.019976] zswap: loaded using pool lzo/zbud
[    1.023538] Key type big_key registered
[    1.023541] Key type trusted registered
[    1.025015] Key type encrypted registered
[    1.025017] AppArmor: AppArmor sha1 policy hashing enabled
[    1.032780] ima: Allocated hash algorithm: sha1
[    1.096312] evm: HMAC attrs: 0x1
[    1.097344]   Magic number: 1:776:177
[    1.097409] acpi device:0d: hash matches
[    1.097587] rtc_cmos 00:03: setting system clock to 2021-04-12 12:10:09 UTC (1618229409)
[    1.097764] BIOS EDD facility v0.16 2004-Jun-25, 0 devices found
[    1.097765] EDD information not available.
[    1.257118] usb 1-4: new full-speed USB device number 2 using xhci_hcd
[    1.406734] usb 1-4: New USB device found, idVendor=8087, idProduct=0aa7
[    1.406735] usb 1-4: New USB device strings: Mfr=0, Product=0, SerialNumber=0
[    1.534365] usb 1-5: new high-speed USB device number 3 using xhci_hcd
[    1.708161] usb 1-5: New USB device found, idVendor=0bda, idProduct=58ed
[    1.708162] usb 1-5: New USB device strings: Mfr=3, Product=1, SerialNumber=2
[    1.708163] usb 1-5: Product: HP Webcam
[    1.708163] usb 1-5: Manufacturer: DGENE019IAMF7N
[    1.708164] usb 1-5: SerialNumber: 200901010001
[    1.725807] Freeing unused kernel image memory: 2440K
[    1.731829] Write protecting the kernel read-only data: 20480k
[    1.733426] Freeing unused kernel image memory: 2008K
[    1.733766] Freeing unused kernel image memory: 1868K
[    1.740241] x86/mm: Checked W+X mappings: passed, no W+X pages found.
[    1.740242] x86/mm: Checking user space page tables
[    1.746461] x86/mm: Checked W+X mappings: passed, no W+X pages found.
[    1.827673] tsc: Refined TSC clocksource calibration: 2712.009 MHz
[    1.827683] clocksource: tsc: mask: 0xffffffffffffffff max_cycles: 0x27178ec3e42, max_idle_ns: 440795287235 ns
[    1.861046] ahci 0000:00:17.0: version 3.0
[    1.861324] ahci 0000:00:17.0: AHCI 0001.0301 32 slots 3 ports 6 Gbps 0x7 impl SATA mode
[    1.861327] ahci 0000:00:17.0: flags: 64bit ncq ilck pm led clo only pio slum part deso sadm sds apst 
[    1.861871] r8169 Gigabit Ethernet driver 2.3LK-NAPI loaded
[    1.861894] r8169 0000:01:00.0: can't disable ASPM; OS doesn't have ASPM control
[    1.863934] scsi host0: ahci
[    1.869663] scsi host1: ahci
[    1.869800] scsi host2: ahci
[    1.869850] ata1: SATA max UDMA/133 abar m2048@0xb1235000 port 0xb1235100 irq 125
[    1.869853] ata2: SATA max UDMA/133 abar m2048@0xb1235000 port 0xb1235180 irq 125
[    1.869855] ata3: SATA max UDMA/133 abar m2048@0xb1235000 port 0xb1235200 irq 125
[    1.872784] r8169 0000:01:00.0 eth0: RTL8168h/8111h at 0x        (ptrval), 10:62:e5:8c:80:40, XID 14100800 IRQ 126
[    1.872786] r8169 0000:01:00.0 eth0: jumbo features [frames: 9200 bytes, tx checksumming: ko]
[    1.901328] r8169 0000:01:00.0 eno1: renamed from eth0
[    2.182535] ata3: SATA link down (SStatus 4 SControl 300)
[    2.182562] ata1: SATA link up 6.0 Gbps (SStatus 133 SControl 300)
[    2.182588] ata2: SATA link down (SStatus 0 SControl 300)
[    2.184411] ata1.00: ATA-11: SanDisk SD9SN8W-256G-1006, X6103006, max UDMA/100
[    2.184412] ata1.00: 500118192 sectors, multi 1: LBA48 NCQ (depth 31/32), AA
[    2.187837] ata1.00: configured for UDMA/100
[    2.188210] scsi 0:0:0:0: Direct-Access     ATA      SanDisk SD9SN8W- 3006 PQ: 0 ANSI: 5
[    2.188638] sd 0:0:0:0: Attached scsi generic sg0 type 0
[    2.189022] sd 0:0:0:0: [sda] 500118192 512-byte logical blocks: (256 GB/238 GiB)
[    2.189024] sd 0:0:0:0: [sda] 4096-byte physical blocks
[    2.189092] sd 0:0:0:0: [sda] Write Protect is off
[    2.189094] sd 0:0:0:0: [sda] Mode Sense: 00 3a 00 00
[    2.189233] sd 0:0:0:0: [sda] Write cache: enabled, read cache: enabled, doesn't support DPO or FUA
[    2.192087]  sda: sda1 sda2 sda3 sda4 sda5 sda6
[    2.192809] sd 0:0:0:0: [sda] Attached SCSI disk
[    2.285353] random: fast init done
[    2.286262] random: systemd-udevd: uninitialized urandom read (16 bytes read)
[    2.286279] random: systemd-udevd: uninitialized urandom read (16 bytes read)
[    2.286284] random: systemd-udevd: uninitialized urandom read (16 bytes read)
[    2.286538] EXT4-fs (sda6): mounted filesystem with ordered data mode. Opts: (null)
[    2.581139] ip_tables: (C) 2000-2006 Netfilter Core Team
[    2.653469] psmouse serio1: synaptics: queried max coordinates: x [..5648], y [..4826]
[    2.674939] systemd[1]: systemd 237 running in system mode. (+PAM +AUDIT +SELINUX +IMA +APPARMOR +SMACK +SYSVINIT +UTMP +LIBCRYPTSETUP +GCRYPT +GNUTLS +ACL +XZ +LZ4 +SECCOMP +BLKID +ELFUTILS +KMOD -IDN2 +IDN -PCRE2 default-hierarchy=hybrid)
[    2.684600] psmouse serio1: synaptics: queried min coordinates: x [1292..], y [1026..]
[    2.684606] psmouse serio1: synaptics: Your touchpad (PNP: SYN3251 PNP0f13) says it can support a different bus. If i2c-hid and hid-rmi are not used, you might want to try setting psmouse.synaptics_intertouch to 1 and report this to linux-input@vger.kernel.org.
[    2.692131] systemd[1]: Detected architecture x86-64.
[    2.696617] systemd[1]: Set hostname to <mr-t>.
[    2.744311] psmouse serio1: synaptics: Touchpad model: 1, fw: 8.16, id: 0x1e2b1, caps: 0xf00323/0x840300/0x2e800/0x400000, board id: 3320, fw id: 2659795
[    2.781785] input: SynPS/2 Synaptics TouchPad as /devices/platform/i8042/serio1/input/input4
[    2.847895] clocksource: Switched to clocksource tsc
[    2.942788] systemd[1]: Started Forward Password Requests to Wall Directory Watch.
[    2.942815] systemd[1]: Reached target Remote File Systems.
[    2.942951] systemd[1]: Created slice System Slice.
[    2.943050] systemd[1]: Listening on Journal Audit Socket.
[    2.943114] systemd[1]: Listening on Journal Socket.
[    2.943634] systemd[1]: Mounting POSIX Message Queue File System...
[    2.943764] systemd[1]: Listening on fsck to fsckd communication Socket.
[    2.951308] EXT4-fs (sda6): re-mounted. Opts: errors=remount-ro
[    2.989884] lp: driver loaded but no devices found
[    3.021194] ppdev: user-space parallel port driver
[    3.042609] systemd-journald[267]: Received request to flush runtime journal from PID 1
[    3.068939] Adding 2097148k swap on /swapfile.  Priority:-2 extents:6 across:2260988k SSFS
[    3.445030] input: HP Wireless hotkeys as /devices/virtual/input/input5
[    3.515670] acpi INT33D6:00: intel-vbtn: created platform device
[    3.515992] intel-vbtn INT33D6:00: failed to read Intel Virtual Button driver
[    3.546593] wmi_bus wmi_bus-PNP0C14:01: WQBJ data block query control method not found
[    3.582085] (NULL device *): hwmon_device_register() is deprecated. Please convert the driver to use hwmon_device_register_with_info().
[    3.582509] shpchp: Standard Hot Plug PCI Controller Driver version: 0.4
[    3.588252] proc_thermal 0000:00:04.0: Creating sysfs group for PROC_THERMAL_PCI
[    3.588976] mei_me 0000:00:16.0: enabling device (0004 -> 0006)
[    3.623946] Bluetooth: Core ver 2.22
[    3.623964] NET: Registered protocol family 31
[    3.623964] Bluetooth: HCI device and connection manager initialized
[    3.623968] Bluetooth: HCI socket layer initialized
[    3.623970] Bluetooth: L2CAP socket layer initialized
[    3.623974] Bluetooth: SCO socket layer initialized
[    3.627267] cfg80211: Loading compiled-in X.509 certificates for regulatory database
[    3.627553] cfg80211: Loaded X.509 cert 'sforshee: 00b28ddf47aef9cea7'
[    3.634311] random: crng init done
[    3.634312] random: 7 urandom warning(s) missed due to ratelimiting
[    3.639572] media: Linux media interface: v0.10
[    3.657409] usbcore: registered new interface driver btusb
[    3.672478] Bluetooth: hci0: read Intel version: 370810225019140f00
[    3.677086] Linux video capture interface: v2.00
[    3.680009] Intel(R) Wireless WiFi driver for Linux
[    3.680010] Copyright(c) 2003- 2015 Intel Corporation
[    3.686286] RAPL PMU: API unit is 2^-32 Joules, 5 fixed counters, 655360 ms ovfl timer
[    3.686287] RAPL PMU: hw unit of domain pp0-core 2^-14 Joules
[    3.686288] RAPL PMU: hw unit of domain package 2^-14 Joules
[    3.686288] RAPL PMU: hw unit of domain dram 2^-14 Joules
[    3.686289] RAPL PMU: hw unit of domain pp1-gpu 2^-14 Joules
[    3.686289] RAPL PMU: hw unit of domain psys 2^-14 Joules
[    3.687235] Bluetooth: hci0: Intel Bluetooth firmware file: intel/ibt-hw-37.8.10-fw-22.50.19.14.f.bseq
[    3.691142] iwlwifi 0000:02:00.0: loaded firmware version 29.1044073957.0 op_mode iwlmvm
[    3.743130] [drm] Memory usable by graphics device = 4096M
[    3.743133] checking generic (a0000000 7e9000) vs hw (a0000000 10000000)
[    3.743134] fb: switching to inteldrmfb from EFI VGA
[    3.743169] Console: switching to colour dummy device 80x25
[    3.743254] [drm] Replacing VGA console driver
[    3.749692] [drm] Supports vblank timestamp caching Rev 2 (21.10.2013).
[    3.749694] [drm] Driver supports precise vblank timestamp query.
[    3.751904] i915 0000:00:02.0: vgaarb: changed VGA decodes: olddecodes=io+mem,decodes=io+mem:owns=io+mem
[    3.758909] [drm] RC6 on
[    3.761643] [drm] Initialized i915 1.6.0 20171023 for 0000:00:02.0 on minor 0
[    3.765040] ACPI: Video Device [GFX0] (multi-head: yes  rom: no  post: no)
[    3.765646] [drm] Finished loading DMC firmware i915/kbl_dmc_ver1_01.bin (v1.1)
[    3.766927] input: Video Bus as /devices/LNXSYSTM:00/LNXSYBUS:00/PNP0A08:00/LNXVIDEO:00/input/input6
[    3.768638] iwlwifi 0000:02:00.0: Detected Intel(R) Dual Band Wireless AC 3168, REV=0x220
[    3.780896] uvcvideo: Found UVC 1.00 device HP Webcam (0bda:58ed)
[    3.785953] input: HP Webcam: HP Webcam as /devices/pci0000:00/0000:00:14.0/usb1/1-5/1-5:1.0/input/input7
[    3.786006] usbcore: registered new interface driver uvcvideo
[    3.786007] USB Video Class driver (1.1.1)
[    3.793247] iwlwifi 0000:02:00.0: base HW address: 94:b8:6d:cd:d0:1b
[    3.793680] AVX2 version of gcm_enc/dec engaged.
[    3.793681] AES CTR mode by8 optimization enabled
[    3.865146] ieee80211 phy0: Selected rate control algorithm 'iwl-mvm-rs'
[    3.865801] (NULL device *): hwmon_device_register() is deprecated. Please convert the driver to use hwmon_device_register_with_info().
[    3.865816] thermal thermal_zone6: failed to read out thermal zone (-61)
[    3.979742] intel_rapl: Found RAPL domain package
[    3.979745] intel_rapl: Found RAPL domain core
[    3.979746] intel_rapl: Found RAPL domain uncore
[    3.979747] intel_rapl: Found RAPL domain dram
[    4.038463] Bluetooth: hci0: Intel firmware patch completed and activated
[    4.100874] iwlwifi 0000:02:00.0 wlo1: renamed from wlan0
[    4.223990] snd_hda_intel 0000:00:1f.3: bound 0000:00:02.0 (ops i915_audio_component_bind_ops [i915])
[    4.225236] fbcon: inteldrmfb (fb0) is primary device
[    4.225311] Console: switching to colour frame buffer device 240x67
[    4.225348] i915 0000:00:02.0: fb0: inteldrmfb frame buffer device
[    4.289082] snd_hda_codec_realtek hdaudioC0D0: autoconfig for ALC3227: line_outs=1 (0x14/0x0/0x0/0x0/0x0) type:speaker
[    4.289085] snd_hda_codec_realtek hdaudioC0D0:    speaker_outs=0 (0x0/0x0/0x0/0x0/0x0)
[    4.289086] snd_hda_codec_realtek hdaudioC0D0:    hp_outs=1 (0x21/0x0/0x0/0x0/0x0)
[    4.289088] snd_hda_codec_realtek hdaudioC0D0:    mono: mono_out=0x0
[    4.289089] snd_hda_codec_realtek hdaudioC0D0:    inputs:
[    4.289090] snd_hda_codec_realtek hdaudioC0D0:      Mic=0x19
[    4.289092] snd_hda_codec_realtek hdaudioC0D0:      Internal Mic=0x12
[    4.324005] input: HDA Intel PCH Mic as /devices/pci0000:00/0000:00:1f.3/sound/card0/input9
[    4.324064] input: HDA Intel PCH Headphone as /devices/pci0000:00/0000:00:1f.3/sound/card0/input10
[    4.324124] input: HDA Intel PCH HDMI/DP,pcm=3 as /devices/pci0000:00/0000:00:1f.3/sound/card0/input11
[    4.324178] input: HDA Intel PCH HDMI/DP,pcm=7 as /devices/pci0000:00/0000:00:1f.3/sound/card0/input12
[    4.324233] input: HDA Intel PCH HDMI/DP,pcm=8 as /devices/pci0000:00/0000:00:1f.3/sound/card0/input13
[    4.324287] input: HDA Intel PCH HDMI/DP,pcm=9 as /devices/pci0000:00/0000:00:1f.3/sound/card0/input14
[    4.324346] input: HDA Intel PCH HDMI/DP,pcm=10 as /devices/pci0000:00/0000:00:1f.3/sound/card0/input15
[    4.769522] input: HP WMI hotkeys as /devices/virtual/input/input8
[    5.963680] audit: type=1400 audit(1618229414.359:2): apparmor="STATUS" operation="profile_load" profile="unconfined" name="libreoffice-oopslash" pid=734 comm="apparmor_parser"
[    5.963966] audit: type=1400 audit(1618229414.359:3): apparmor="STATUS" operation="profile_load" profile="unconfined" name="/usr/bin/man" pid=733 comm="apparmor_parser"
[    5.963969] audit: type=1400 audit(1618229414.359:4): apparmor="STATUS" operation="profile_load" profile="unconfined" name="man_filter" pid=733 comm="apparmor_parser"
[    5.963972] audit: type=1400 audit(1618229414.359:5): apparmor="STATUS" operation="profile_load" profile="unconfined" name="man_groff" pid=733 comm="apparmor_parser"
[    5.964987] audit: type=1400 audit(1618229414.359:6): apparmor="STATUS" operation="profile_load" profile="unconfined" name="libreoffice-senddoc" pid=735 comm="apparmor_parser"
[    5.965065] audit: type=1400 audit(1618229414.359:7): apparmor="STATUS" operation="profile_load" profile="unconfined" name="/sbin/dhclient" pid=730 comm="apparmor_parser"
[    5.965067] audit: type=1400 audit(1618229414.359:8): apparmor="STATUS" operation="profile_load" profile="unconfined" name="/usr/lib/NetworkManager/nm-dhcp-client.action" pid=730 comm="apparmor_parser"
[    5.965069] audit: type=1400 audit(1618229414.359:9): apparmor="STATUS" operation="profile_load" profile="unconfined" name="/usr/lib/NetworkManager/nm-dhcp-helper" pid=730 comm="apparmor_parser"
[    5.965072] audit: type=1400 audit(1618229414.359:10): apparmor="STATUS" operation="profile_load" profile="unconfined" name="/usr/lib/connman/scripts/dhclient-script" pid=730 comm="apparmor_parser"
[    5.966178] audit: type=1400 audit(1618229414.359:11): apparmor="STATUS" operation="profile_load" profile="unconfined" name="libreoffice-xpdfimport" pid=737 comm="apparmor_parser"
[    6.145105] Bluetooth: BNEP (Ethernet Emulation) ver 1.3
[    6.145106] Bluetooth: BNEP filters: protocol multicast
[    6.145109] Bluetooth: BNEP socket layer initialized
[    6.363944] nf_conntrack version 0.5.0 (65536 buckets, 262144 max)
[    6.442450] openvswitch: Open vSwitch switching datapath
[    6.948784] IPv6: ADDRCONF(NETDEV_UP): eno1: link is not ready
[    6.998343] r8169 0000:01:00.0 eno1: link down
[    6.998452] IPv6: ADDRCONF(NETDEV_UP): eno1: link is not ready
[    7.015636] IPv6: ADDRCONF(NETDEV_UP): wlo1: link is not ready
[    7.094523] IPv6: ADDRCONF(NETDEV_UP): wlo1: link is not ready
[    7.226130] IPv6: ADDRCONF(NETDEV_UP): wlo1: link is not ready
[   10.627979] wlo1: authenticate with 2a:e8:29:b9:f6:01
[   10.632575] wlo1: send auth to 2a:e8:29:b9:f6:01 (try 1/3)
[   10.635181] wlo1: authenticated
[   10.635689] wlo1: associate with 2a:e8:29:b9:f6:01 (try 1/3)
[   10.637395] wlo1: RX AssocResp from 2a:e8:29:b9:f6:01 (capab=0x501 status=0 aid=1)
[   10.646083] wlo1: associated
[   10.646518] IPv6: ADDRCONF(NETDEV_CHANGE): wlo1: link becomes ready
[   17.946742] Bluetooth: RFCOMM TTY layer initialized
[   17.946746] Bluetooth: RFCOMM socket layer initialized
[   17.946750] Bluetooth: RFCOMM ver 1.11
[   18.888712] rfkill: input handler disabled
[   36.500748] Guest personality initialized and is inactive
[   36.501056] VMCI host device registered (name=vmci, major=10, minor=55)
[   36.501057] Initialized host personality
[   36.554778] NET: Registered protocol family 40
[   56.035554] wlo1: deauthenticating from 2a:e8:29:b9:f6:01 by local choice (Reason: 3=DEAUTH_LEAVING)
[   57.124478] wlo1: authenticate with 18:e8:29:b9:f6:01
[   57.128258] wlo1: send auth to 18:e8:29:b9:f6:01 (try 1/3)
[   57.131061] wlo1: authenticated
[   57.131664] wlo1: associate with 18:e8:29:b9:f6:01 (try 1/3)
[   57.135004] wlo1: RX AssocResp from 18:e8:29:b9:f6:01 (capab=0x511 status=0 aid=15)
[   57.136881] wlo1: associated
[ 2726.409136] IRQ 128: no longer affine to CPU2
[ 2726.410452] smpboot: CPU 2 is now offline
[ 2726.433478] IRQ 126: no longer affine to CPU3
[ 2726.434707] smpboot: CPU 3 is now offline
[ 2728.987341] cachezoom_kernel: loading out-of-tree module taints kernel.
[ 2728.987343] cachezoom_kernel: module license 'unspecified' taints kernel.
[ 2728.987344] Disabling lock debugging due to kernel taint
[ 2728.987386] cachezoom_kernel: module verification failed: signature and/or required key missing - tainting kernel
[ 2728.987431] cachezoom_kernel: Unknown symbol vfs_write (err 0)
[ 2979.813319] CACHEZOOM: HELLO
[ 2979.815506] CACHEZOOM: INIT SPY BUFF
